
 RUN  v4.1.5 /Users/vv2024/Documents/Repos - vv2024/MIDI/WebApps/midi-chord-notator-web

 ❯ src/components/NotationCanvas.selection.test.tsx (6 tests | 4 failed) 227ms
     × Single Selection: Clicking a note selects only that note 105ms
     × Multi-Selection: Cmd+Click toggles selection 20ms
     × Range Selection: Shift+Click selects range of pitches 26ms
     × Clicking background clears selection 16ms
     ✓ Marquee Selection: Dragging over notes selects them 20ms
     ✓ Keyboard PCS Rotation: Option+Cmd+Up rotates inversion 37ms

⎯⎯⎯⎯⎯⎯⎯ Failed Tests 4 ⎯⎯⎯⎯⎯⎯⎯

 FAIL  src/components/NotationCanvas.selection.test.tsx > NotationCanvas Selection Logic > Single Selection: Clicking a note selects only that note
Error: expect(element).toHaveAttribute("data-selected", "true") // element.getAttribute("data-selected") === "true"

Expected the element to have attribute:
  data-selected="true"
Received:
  null
 ❯ src/components/NotationCanvas.selection.test.tsx:48:20
     46|     // Click note 64
     47|     fireEvent.pointerDown(note64);
     48|     expect(note64).toHaveAttribute('data-selected', 'true');
       |                    ^
     49|     expect(note60).not.toHaveAttribute('data-selected');
     50|   });

⎯⎯⎯⎯⎯⎯⎯⎯⎯⎯⎯⎯⎯⎯⎯⎯⎯⎯⎯⎯⎯⎯⎯⎯[1/4]⎯

 FAIL  src/components/NotationCanvas.selection.test.tsx > NotationCanvas Selection Logic > Multi-Selection: Cmd+Click toggles selection
Error: expect(element).toHaveAttribute("data-selected", "true") // element.getAttribute("data-selected") === "true"

Expected the element to have attribute:
  data-selected="true"
Received:
  null
 ❯ src/components/NotationCanvas.selection.test.tsx:73:20
     71|     // Cmd+Click note 64
     72|     fireEvent.pointerDown(note64, { metaKey: true });
     73|     expect(note60).toHaveAttribute('data-selected', 'true');
       |                    ^
     74|     expect(note64).toHaveAttribute('data-selected', 'true');
     75|

⎯⎯⎯⎯⎯⎯⎯⎯⎯⎯⎯⎯⎯⎯⎯⎯⎯⎯⎯⎯⎯⎯⎯⎯[2/4]⎯

 FAIL  src/components/NotationCanvas.selection.test.tsx > NotationCanvas Selection Logic > Range Selection: Shift+Click selects range of pitches
Error: expect(element).toHaveAttribute("data-selected", "true") // element.getAttribute("data-selected") === "true"

Expected the element to have attribute:
  data-selected="true"
Received:
  null
 ❯ src/components/NotationCanvas.selection.test.tsx:106:53
    104|     // Should select 60, 62, 64
    105|     expect(screen.getByTestId('note-container-60')).toHaveAttribute('d…
    106|     expect(screen.getByTestId('note-container-62')).toHaveAttribute('d…
       |                                                     ^
    107|     expect(screen.getByTestId('note-container-64')).toHaveAttribute('d…
    108|     expect(screen.getByTestId('note-container-65')).not.toHaveAttribut…

⎯⎯⎯⎯⎯⎯⎯⎯⎯⎯⎯⎯⎯⎯⎯⎯⎯⎯⎯⎯⎯⎯⎯⎯[3/4]⎯

 FAIL  src/components/NotationCanvas.selection.test.tsx > NotationCanvas Selection Logic > Clicking background clears selection
Error: expect(element).not.toHaveAttribute("data-selected") // element.hasAttribute("data-selected")

Expected the element not to have attribute:
  data-selected
Received:
  data-selected="true"
 ❯ src/components/NotationCanvas.selection.test.tsx:128:24
    126|
    127|     fireEvent.pointerDown(container);
    128|     expect(note60).not.toHaveAttribute('data-selected');
       |                        ^
    129|   });
    130|

⎯⎯⎯⎯⎯⎯⎯⎯⎯⎯⎯⎯⎯⎯⎯⎯⎯⎯⎯⎯⎯⎯⎯⎯[4/4]⎯


 Test Files  1 failed (1)
      Tests  4 failed | 2 passed (6)
   Start at  18:13:07
   Duration  3.34s (transform 222ms, setup 277ms, import 265ms, tests 227ms, environment 1.93s)

